---
source: tests/telex.rs
expression: snapshot_transform(contents)
info:
  input_file: "../testdata/input/non_vietnamese_telex.txt"
---
samuwrite
c√°e
case
cat
doggo

